\BOOKMARK [1][-]{section*.1}{\376\377\000M\036\345\000c\000\040\000l\036\345\000c}{}% 1
\BOOKMARK [1][-]{section*.2}{\376\377\000D\000a\000n\000h\000\040\000s\000\341\000c\000h\000\040\000h\000\354\000n\000h\000\040\000v\036\275}{}% 2
\BOOKMARK [1][-]{section*.3}{\376\377\000D\000a\000n\000h\000\040\000s\000\341\000c\000h\000\040\000b\036\243\000n\000g}{}% 3
\BOOKMARK [1][-]{section.1}{\376\377\000N\036\331\000i\000\040\000d\000u\000n\000g\000\040\000l\000\375\000\040\000t\000h\000u\000y\036\277\000t\000\040\000c\000h\000\355\000n\000h}{}% 4
\BOOKMARK [2][-]{subsection.1.1}{\376\377\000G\000i\036\333\000i\000\040\000t\000h\000i\036\307\000u}{section.1}% 5
\BOOKMARK [2][-]{subsection.1.2}{\376\377\000N\000h\000\342\000n\000\040\001\021\036\321\000i\000\040\000x\036\351\000n\000g\000\040\000x\000\341\000c\000\040\001\021\036\313\000n\000h\000\040\000d\001\260\001\241\000n\000g}{section.1}% 6
\BOOKMARK [3][-]{subsubsection.1.2.1}{\376\377\001\020\036\313\000n\000h\000\040\000n\000g\000h\001\051\000a}{subsection.1.2}% 7
\BOOKMARK [3][-]{subsubsection.1.2.2}{\376\377\000K\000h\000\364\000n\000g\000\040\000g\000i\000a\000n\000\040\000H\000i\000l\000b\000e\000r\000t\000\040\000n\000h\000\342\000n\000\040\000t\000\341\000i\000\040\000t\036\241\000o}{subsection.1.2}% 8
\BOOKMARK [3][-]{subsubsection.1.2.3}{\376\377\000C\000\341\000c\000\040\000t\000\355\000n\000h\000\040\000c\000h\036\245\000t}{subsection.1.2}% 9
\BOOKMARK [2][-]{subsection.1.3}{\376\377\000C\000\341\000c\000\040\000t\000h\000u\036\255\000t\000\040\000t\000o\000\341\000n\000\040\000d\036\361\000a\000\040\000t\000r\000\352\000n\000\040\000n\000h\000\342\000n}{section.1}% 10
\BOOKMARK [3][-]{subsubsection.1.3.1}{\376\377\000S\000V\000M\000\040\000v\036\333\000i\000\040\000c\000\341\000c\000\040\000n\000h\000\342\000n\000\040\000P\000D\000S}{subsection.1.3}% 11
\BOOKMARK [3][-]{subsubsection.1.3.2}{\376\377\001\020\036\313\000n\000h\000\040\000l\000\375\000\040\000b\000i\036\303\000u\000\040\000d\000i\036\305\000n}{subsection.1.3}% 12
\BOOKMARK [3][-]{subsubsection.1.3.3}{\376\377\000C\000\341\000c\000\040\001\021\036\243\000m\000\040\000b\036\243\000o\000\040\000v\036\301\000\040\000k\000h\036\243\000\040\000n\001\003\000n\000g\000\040\000h\036\315\000c}{subsection.1.3}% 13
\BOOKMARK [2][-]{subsection.1.4}{\376\377\000N\000h\000\342\000n\000\040\001\021\036\321\000i\000\040\000x\036\351\000n\000g\000\040\000x\000\341\000c\000\040\001\021\036\313\000n\000h\000\040\000\342\000m}{section.1}% 14
\BOOKMARK [2][-]{subsection.1.5}{\376\377\000N\000h\000\342\000n\000\040\000c\000h\000u\036\327\000i}{section.1}% 15
\BOOKMARK [3][-]{subsubsection.1.5.1}{\376\377\000N\000h\000\342\000n\000\040\000h\036\357\000u\000\040\000t\036\311}{subsection.1.5}% 16
\BOOKMARK [2][-]{subsection.1.6}{\376\377\000X\036\245\000p\000\040\000x\036\311\000\040\000\341\000n\000h\000\040\000x\036\241\000\040\001\021\036\267\000c\000\040\000t\000r\001\260\000n\000g\000\040\000n\000h\000\342\000n}{section.1}% 17
\BOOKMARK [1][-]{section.2}{\376\377\000K\036\277\000t\000\040\000q\000u\036\243\000\040\000t\000h\036\361\000c\000\040\000n\000g\000h\000i\036\307\000m\000\040\000v\000\340\000\040\001\021\000\341\000n\000h\000\040\000g\000i\000\341}{}% 18
\BOOKMARK [2][-]{subsection.2.1}{\376\377\036\350\000n\000g\000\040\000d\036\345\000n\000g\000\040\000n\000h\000\342\000n\000\040\000t\000r\000o\000n\000g\000\040\000S\000V\000M}{section.2}% 19
\BOOKMARK [2][-]{subsection.2.2}{\376\377\000T\000h\036\361\000c\000\040\000n\000g\000h\000i\036\307\000m\000\040\000k\000i\036\303\000m\000\040\000c\000h\036\351\000n\000g\000\040\000M\036\307\000n\000h\000\040\001\021\036\301\000\040\0001\000.\0002\0004}{section.2}% 20
\BOOKMARK [1][-]{section.3}{\376\377\000M\036\331\000t\000\040\000s\036\321\000\040\000h\001\260\036\333\000n\000g\000\040\000n\000g\000h\000i\000\352\000n\000\040\000c\036\351\000u\000\040\000g\036\247\000n\000\040\001\021\000\342\000y\000\040\000v\036\301\000\040\000p\000h\001\260\001\241\000n\000g\000\040\000p\000h\000\341\000p\000\040\000n\000h\000\342\000n}{}% 21
\BOOKMARK [2][-]{subsection.3.1}{\376\377\000T\000o\000w\000a\000r\000d\000\040\000L\000a\000r\000g\000e\000\040\000K\000e\000r\000n\000e\000l\000\040\000M\000o\000d\000e\000l\000s}{section.3}% 22
\BOOKMARK [2][-]{subsection.3.2}{\376\377\000R\000a\000n\000d\000o\000m\000\040\000G\000e\000g\000e\000n\000b\000a\000u\000e\000r\000\040\000F\000e\000a\000t\000u\000r\000e\000s\000\040\000f\000o\000r\000\040\000S\000c\000a\000l\000a\000b\000l\000e\000\040\000K\000e\000r\000n\000e\000l\000\040\000M\000e\000t\000h\000o\000d\000s}{section.3}% 23
\BOOKMARK [2][-]{subsection.3.3}{\376\377\000D\000e\000e\000p\000\040\000L\000e\000a\000r\000n\000i\000n\000g\000\040\000w\000i\000t\000h\000\040\000K\000e\000r\000n\000e\000l\000s\000\040\000t\000h\000r\000o\000u\000g\000h\000\040\000R\000K\000H\000M\000\040\000a\000n\000d\000\040\000t\000h\000e\000\040\000P\000e\000r\000r\000o\000n\040\023\000F\000r\000o\000b\000e\000n\000i\000u\000s\000\040\000O\000p\000e\000r\000a\000t\000o\000r}{section.3}% 24
\BOOKMARK [2][-]{subsection.3.4}{\376\377\000N\000h\036\255\000n\000\040\000x\000\351\000t\000\040\000t\036\325\000n\000g\000\040\000q\000u\000a\000n\000\040\000v\036\301\000\040\000x\000u\000\040\000h\001\260\036\333\000n\000g\000\040\000p\000h\000\341\000t\000\040\000t\000r\000i\036\303\000n}{section.3}% 25
\BOOKMARK [1][-]{appendix.A}{\376\377\000T\000h\000\364\000n\000g\000\040\000t\000i\000n\000\040\000n\000h\000\363\000m}{}% 26
\BOOKMARK [2][-]{subsection.A.1}{\376\377\000T\000h\000\364\000n\000g\000\040\000t\000i\000n\000\040\000t\000h\000\340\000n\000h\000\040\000v\000i\000\352\000n}{appendix.A}% 27
\BOOKMARK [2][-]{subsection.A.2}{\376\377\000P\000h\000\342\000n\000\040\000c\000h\000i\000a\000\040\000c\000\364\000n\000g\000\040\000v\000i\036\307\000c\000\040\000v\000\340\000\040\000m\036\351\000c\000\040\001\021\036\331\000\040\000h\000o\000\340\000n\000\040\000t\000h\000\340\000n\000h}{appendix.A}% 28
\BOOKMARK [2][-]{subsection.A.3}{\376\377\000M\036\351\000c\000\040\001\021\036\331\000\040\000h\000o\000\340\000n\000\040\000t\000h\000\340\000n\000h\000\040\001\021\036\323\000\040\000\341\000n}{appendix.A}% 29
\BOOKMARK [1][-]{appendix.B}{\376\377\000M\000\343\000\040\000n\000g\000u\036\323\000n\000\040\000b\000\340\000i\000\040\000l\000\340\000m\000\040\001\021\036\323\000\040\000\341\000n}{}% 30
